+------------------------------------------------------------------------+
|                         MMTOOL 5.02.0025                               |
|               Copyright (c)2017 American Megatrends, Inc.              |
+------------------------------------------------------------------------+
| Firmware Image Information                                                  |
+-----------------------------------------------------------------------------+
| Image Size : 2000000   PI Specification Level: 1.0                           |
+-----------------------------------------------------------------------------+
| Firmware Volume Information                                                 |
+------+-------------------------------+--------------+-----------+-----------+
|  FV  |            FV TYPE            |   Location   |   Length  |    FFSs   |
+------+-------------------------------+--------------+-----------+-----------+
|  00  |          FFS FV               |   01000000   |  030000   |    001    |
|  01  |          Non-FFS FV           |   01070000   |  A00000   |    003    |
|  02  |          Nested FV            |   00000000   |  109D000   |    341    |
|  03  |          FFS FV               |   01A70000   |  090000   |    005    |
|  04  |          Nested FV            |   00000000   |  077000   |    031    |
|  05  |          FFS FV               |   01B00000   |  0B0000   |    001    |
|  06  |          Nested FV            |   00000000   |  05A000   |    019    |
|  07  |          FFS FV               |   01BB0000   |  0BC000   |    011    |
|  08  |          FFS FV               |   01D00000   |  010000   |    003    |
|  09  |          Boot Block FV        |   01D10000   |  080000   |    049    |
|  0A  |          FFS FV               |   01D90000   |  100000   |    005    |
|  0B  |          FFS FV               |   01E90000   |  0F0000   |    006    |
|  0C  |          FFS FV               |   01F80000   |  040000   |    012    |
|  0D  |          FFS FV               |   01FC0000   |  040000   |    012    |
+------+-------------------------------+--------------+-----------+-----------+
| Nested Firmware Volume Information                                          |
+-----------------------------------------------------------------------------+
|  FV  |            Nesting Information               |   Length  |    FFSs   |
+-----------------------------------------------------------------------------+
|  02  |  Parent Fv : 01        Parent FFS : 02       |   109D000  |    341    |
|  04  |  Parent Fv : 03        Parent FFS : 04       |   077000  |    031    |
|  06  |  Parent Fv : 05        Parent FFS : 00       |   05A000  |    019    |
+------+-------------------------------+--------------+-----------+-----------+
| NCB Information                                                             |
+-----------------------------------------------------------------------------+
| NCB No : 0                         Location :  00000000   Length :  1000000  |
| NCB No : 1                         Location :  01030000   Length :  040000  |
| NCB No : 2                         Location :  01C6C000   Length :  094000  |
+-----------------------------------------------------------------------------+
| Driver Information                                                          |
+-----------------------------------------------------------------------------+
| Firmware Volume : 00               Location :  01000000   Length :  030000  |
+---+---------------+------------------------------------+--------+------+----+
|NO |    FileName   |               GUID                 |Location| Size |Type|
+---+---------------+------------------------------------+--------+------+----+
|000|               |CEF5B9A3-476D-497F-9FDC-E98143E0422C|01000078|02FF88|RAW |
+---+---------------+------------------------------------+--------+------+----+
| Bytes Free       : 00002C (  0 KB)    Bytes Used       : 02FFD4 (191 KB)    |
+-----------------------------------------------------------------------------+
| Firmware Volume : 01               Location :  01070000   Length :  A00000  |
+---+---------------+------------------------------------+--------+------+----+
|NO |    FileName   |               GUID                 |Location| Size |Type|
+---+---------------+------------------------------------+--------+------+----+
|000|               |414D94AD-998D-47D2-BFCD-4E882241DE32|01070078|00102C|FRFM|
|001|               |05CA020B-0FC1-11DC-9011-00173153EBA8|010710A8|020018|RAW |
|002|               |9E21FD93-9C72-4C15-8C4B-E77F1DB2D792|010910C0|30F251|FV  |
+---+---------------+------------------------------------+--------+------+----+
| Bytes Free       : 000000 (  0 KB)    Bytes Used       : A00000 (10240 KB)    |
+-----------------------------------------------------------------------------+
| Firmware Volume : 02               Location :  00000000   Length :  109D000  |
+---+---------------+------------------------------------+--------+------+----+
|NO |    FileName   |               GUID                 |Location| Size |Type|
+---+---------------+------------------------------------+--------+------+----+
|000|               |FC510EE7-FFDC-11D4-BD41-0080C73C8881|00000048|00009C|FRFM|
|001|AmiUpdateDxePol|CB2987B9-63AE-4B91-BF43-21FF641A5D49|000000E4|000ADE|DRVR|
|002|RomLayoutDxe   |AB7ED12E-1D78-4635-AB87-23F00A911EC7|00000BC2|000E02|DRVR|
|003|DxeCore        |D6A2CB7F-6A18-4E2F-B43B-9920A733700A|000019C4|00C781|DXEC|
|004|Bds            |8F4B8F82-9B91-4028-86E6-F4DB7D4C1DFF|0000E145|01ACF6|DRVR|
|005|DataHubDxe     |53BCC14F-C24F-434C-B294-8ED2D4CC1860|00028E3B|000BFE|DRVR|
|006|DevicePathDxe  |9B680FCE-AD6B-4F3A-B60B-F59899003443|00029A39|00A562|DRVR|
|007|EnglishDxe     |CD3BAFB6-50FB-4FE8-8E4E-AB74D2C1A600|00033F9B|000C86|DRVR|
|008|EbcDxe         |13AC6DD0-73D0-11D4-B06B-00AA00BD6DE7|00034C21|003836|DRVR|
|009|HiiDatabase    |348C4D62-BFBD-4882-9ECE-C80BB1C4783B|00038457|01835E|DRVR|
|010|SecurityStubDxe|F80697E9-7FD6-4665-8646-88E33EF71DFC|000507B5|009D26|DRVR|
|011|TimestampDxe   |C10194E7-DEB2-4AF4-9EEE-BFFDE4D7D4C7|0005A4DB|0007A2|DRVR|
|012|HpetTimerDxe   |6CE6B0DE-781C-4F6C-B42D-98346C614BEC|0005AC7D|0015F2|DRVR|
|013|PciHostBridgeDxe|128FB770-5E79-4176-9E51-9BB268A17DD1|0005C26F|003F4E|DRVR|
|014|MebxDisplay    |34ECEADC-9229-44D1-85B1-B84071A13187|000601BD|004F82|DRVR|
|015|MebxConfigurati|EC02A9CA-091D-47CD-AF28-77D38DED7A53|0006513F|00082E|DRVR|
|016|MebxSetup      |1CE34CFF-DFE9-4D9D-B264-166FFCB8315A|0006596D|010792|DRVR|
|017|PlatformService|CF2E24FE-ACA6-4D6E-9486-E9A55495D654|000760FF|005AD2|DRVR|
|018|PsrSetup       |FE1F75AF-3647-4422-A7E1-ABD64520D904|0007BBD1|008DC2|DRVR|
|019|CpuDxe         |B03ABACF-A532-5E78-ACA0-B11F765B3AFD|00084993|001EA6|DRVR|
|020|AmiCpuFeaturesD|10B12ADD-F5E2-CC78-5CA0-B77F76223ACD|00086839|000F8E|DRVR|
|021|FlashUcAcmDxe  |4AEDAA65-00F5-42F8-B737-B6BD1A4B5C48|000877C7|000CE6|DRVR|
|022|FmpDxe         |69585D92-B50A-4AD7-B265-2EB1AE066574|000884AD|10D3FE|DRVR|
|023|AmiCspGlobalNvs|5BD4977A-580F-4F1A-B3C2-5198E6DCBEEA|001958AB|000BBE|DRVR|
|024|NbDxe          |E4ECD0B2-E277-4F2B-BECB-E4D75C9A812E|00196469|001B26|DRVR|
|025|LegacyRegionDxe|FAEA0786-FF3E-4091-A895-98E4E9114892|00197F8F|000A46|DRVR|
|026|UpdateMemoryRec|24CCD374-3DF6-4181-86F6-E3C66920A145|001989D5|000F7A|DRVR|
|027|AmiMemoryInfoCo|1310BA34-D7B4-4A80-A645-8C0417C6AA55|0019994F|000BD2|DRVR|
|028|SbDxe          |B7D19491-E55A-470D-8508-85A5DFA41974|0019A521|004226|DRVR|
|029|AmiLegacyInterr|71ED12D1-250B-42FB-8C17-10DCFA771701|0019E747|00063E|DRVR|
|030|UpdateSmbiosTyp|EA067D5D-56FD-4B00-B79A-352AFF8F2BD6|0019ED85|000E5E|DRVR|
|031|I2cHcOperation |440D38B7-E016-49EA-9769-317EF908835D|0019FBE3|001026|DRVR|
|032|SpiHcOperation |7612F7CE-C685-465A-91D4-D12F9E933383|001A0C09|000DE6|DRVR|
|033|NvmeRstPassword|D0927E0C-FEA5-4569-8AC0-33C8F60E5073|001A19EF|001966|DRVR|
|034|SkipStoragePwdP|231CDC65-129E-4870-A882-79244127BDE3|001A3355|000732|DRVR|
|035|PowerMgmtDxe   |F7731B4C-58A2-4DF4-8980-5645D39ECE58|001A3A87|001BEA|DRVR|
|036|TxtDxe         |FF917E22-A228-448D-BDAA-68EFCCDDA5D3|001A5671|00192A|DRVR|
|037|AmtInitDxe     |FE5C7F1B-E256-47A8-8F1E-9478107C7875|001A6F9B|001D66|DRVR|
|038|Mebx           |90DADB68-B868-4D62-A07F-09B3B64DA039|001A8D01|008482|DRVR|
|039|SerialOverLan  |FB142B99-DF57-46CB-BC69-0BF858A734F9|001B1183|002B8A|DRVR|
|040|AsfDxe         |33C6406D-2F6B-41B5-8705-52BAFB633C09|001B3D0D|0024EA|DRVR|
|041|HeciInit       |55E76644-78A5-4A82-A900-7126A5798892|001B61F7|0071C2|DRVR|
|042|HwAssetDxe     |C464322E-3DC4-49AD-B9FD-AF1B56B2249B|001BD3B9|0023E2|DRVR|
|043|JhiDxe         |6FD18837-36E6-46EC-8F61-6730E3E23D50|001BF79B|0084BA|DRVR|
|044|MeFwDowngrade  |5820EEB4-C135-4854-9D2A-AA9EFC4475E9|001C7C55|001C86|DRVR|
|045|MeSmbiosDxe    |E764500B-E398-4AB7-BBBC-99A8E683681F|001C98DB|000712|DRVR|
|046|SmbusDxe       |E052D8A6-224A-4C32-8D37-2E0AE162364D|001C9FED|00181A|DRVR|
|047|SpiDxe         |3C4836AE-B24B-40E3-B24B-9448ED095BFE|001CB807|000F06|DRVR|
|048|WdtDxe         |5AAB83E5-F027-4CA7-BFD0-16358CC9E453|001CC70D|0009D6|DRVR|
|049|PchInitDxeTgl  |4BD0EB2F-3A2D-442E-822D-753516F75424|001CD0E3|004346|DRVR|
|050|SiInitDxe      |ACD28235-075B-48B5-98A1-DA04FCAF84F3|001D1429|018E1E|DRVR|
|051|BdatAccessHandl|6DB9486F-6AF6-4090-984D-238482CE3EA4|001EA247|000A3E|DRVR|
|052|AmiUpdateCspRes|BF90FDDC-F163-4FC6-A5A3-D0FDC8F7CE68|001EAC85|000C52|DRVR|
|053|SpcrAcpiDxe    |31740724-5F96-48CA-AA0F-332ACA6B9A75|001EB8D7|000DDE|DRVR|
|054|PlatformInitDxe|CA84408A-0929-4F11-BFED-18C7D9576C6B|001EC6B5|003E06|DRVR|
|055|SiliconPolicyDxe|65986603-43BC-4ABF-94D8-5A58847381A6|001F04BB|00061A|DRVR|
|056|TestPointStubDxe|C034A2CB-1190-4638-9DDF-6F297824741E|001F0AD5|0011CA|DRVR|
|057|SmmAccess      |1323C7F8-DAD5-4126-A54B-7A05FBF41515|001F1C9F|0008FA|DRVR|
|058|IntelVTdDxe    |987555D6-595D-4CFA-B895-59B89368BD4D|001F2599|0046AE|DRVR|
|059|AmtMacPassThrou|BCAD34A1-DEB7-4FFC-90D8-B0643BD8271A|001F6C47|000A9A|DRVR|
|060|AmtWrapperDxe  |D77C900D-A1C7-41C5-B989-0C3D37FCA432|001F76E1|00D7BE|DRVR|
|061|AsfTable       |E72527CF-505B-4B50-99CD-A32467FA4AA4|00204E9F|00090A|DRVR|
|062|AmtPetAlertDxe |290EA249-6E88-423C-B0DA-75CDDE7920CC|002057A9|0039D2|DRVR|
|063|AmtSaveMebxConf|76CBE15D-3C00-4597-8F13-621D77E879E1|0020917B|00070E|DRVR|
|064|OneClickRecovery|86997AE6-D443-4939-B729-A3D0F32FB772|00209889|00F802|DRVR|
|065|SecureEraseDxe |FB62F7F0-5433-11E4-B810-402CF41D8A90|0021908B|00AEDA|DRVR|
|066|WifiProfileSync|FB062BBC-F19D-4CF4-81FD-FAE535D44A53|00223F65|001D76|DRVR|
|067|FmpDxe         |4E88068B-41B2-4E05-893C-DB0B43F7D348|00225CDB|10D00A|DRVR|
|068|FmpDxe         |0EAB05C1-766A-4805-A039-3081DE0210C7|00332CE5|1107CA|DRVR|
|069|MeResiliencyDxe|89908199-9126-4EA2-849B-06A75C245D0B|004434AF|005F2A|DRVR|
|070|NvmeRecoveryDxe|8E88BF4D-9F15-4206-BBD5-55D368B62AD1|004493D9|063602|DRVR|
|071|CnvUefiVariables|1F28B56E-D26A-48FD-9FAC-9E18A2C5BBDB|004AC9DB|0015DE|DRVR|
|072|CrashLogDxe    |4B63A5D4-CB08-47CD-AFD9-BEA33A30F313|004ADFB9|001296|DRVR|
|073|DxeDgOpregionIn|121D5264-990F-4716-8061-C2144A7D4D0D|004AF24F|000C0E|DRVR|
|074|Dptf           |918ABA30-3D8D-4BB5-B849-45CC4FC7DE7C|004AFE5D|001536|DRVR|
|075|HstiIhvDxe     |60740CF3-D428-4500-80E6-04A5798241ED|004B1393|008166|DRVR|
|076|HstiResultDxe  |C642C14C-0E9C-4AEF-94A5-A213BAA35DE0|004B94F9|000E2A|DRVR|
|077|MeExtMeasurement|D38FC876-0B17-4D95-A7F8-A022ECA1CA42|004BA323|00239E|DRVR|
|078|MeSmbiosUpdateC|83EC90A9-D791-4613-9C57-68C3DE923C3B|004BC6C1|000ED6|DRVR|
|079|MeUlvCheckDxe  |CD31F8A8-28A6-4E49-8B3E-4142BD006C41|004BD597|0007C2|DRVR|
|080|MultiPdtDxe    |56966690-24E8-4DFA-BEA8-BFCD83DA44B8|004BDD59|000EEE|DRVR|
|081|PowerLostNotify|17A269DE-7C35-4132-9EA0-A3EB5AB87F1E|004BEC47|00187E|DRVR|
|082|CastroCovePmicN|7537E889-FC63-42D2-B400-F7646C45CEE3|004C04C5|00380E|DRVR|
|083|RemotePlatformE|24848D1D-A637-45DD-974F-BEBA0340FF96|004C3CD3|00C552|DRVR|
|084|SataController |A7732DA8-11AA-4366-9715-CD92CFB7D362|004D0225|000EEE|DRVR|
|085|TmeInitDxe     |579A7D1F-C166-4D0D-ADDB-B20B8B768B72|004D1113|000ECE|DRVR|
|086|RetimerCapsuleU|1CB1ADDA-D8DD-4C6E-8DEF-A0DACB2AEC83|004D1FE1|000CB2|DRVR|
|087|FmpDxe         |2FE2CBFC-B9AA-4A93-AB5B-40173B581C42|004D2C93|10F3DA|DRVR|
|088|PlatformVTdSamp|5DFAE03E-9C19-4996-85BF-65297BD4137F|005E206D|001016|DRVR|
|089|WdtAppDxe      |CE366D33-B057-4C03-8561-CAF17738B66F|005E3083|00070A|DRVR|
|090|TrustedDeviceSe|D4FF05AA-3C7D-4B8A-A1EE-AA5EFA0B1742|005E378D|00453A|DRVR|
|091|PciHotPlug     |3022E512-B94A-4F12-806D-7EF1177899D8|005E7CC7|009FCE|DRVR|
|092|PciPlatform    |3F7753EF-D36F-45CC-8A1A-2EAAFF1038B6|005F1C95|000CDE|DRVR|
|093|SaveMemoryConfig|E0ECBEC9-B193-4351-A488-36A655F22F9F|005F2973|0008EE|DRVR|
|094|PlatformSetup  |A4F2909C-5E2A-438A-91BA-272B0923049A|005F3261|00298A|DRVR|
|095|PlatformInitAdv|C5046EFD-7BC3-4206-987C-32DA45026E6D|005F5BEB|00D722|DRVR|
|096|PolicyInitAdvan|490D0119-4448-440D-8F5C-F58FB53EE057|0060330D|003E82|DRVR|
|097|Setup          |E6A7A1CE-5881-4B49-80BE-69C91811685C|0060718F|003612|DRVR|
|098|CsmeHealthDxe  |20E687BE-B09B-4DA1-BCFE-E804B3B97CE4|0060A7A1|000D32|DRVR|
|099|MotherBoardHeal|6A79EBF1-BBB6-42A7-BDA1-5EACF52F2480|0060B4D3|000AA2|DRVR|
|100|MrcHealthDataIn|4A64C620-1CEF-40A0-BE1C-EED6B20ECCE9|0060BF75|000D0E|DRVR|
|101|NvmeHealthDxe  |ACD88BB8-D466-4B8A-8DA5-EC6407A83B28|0060CC83|000B52|DRVR|
|102|PlatformFirmwar|9F83F5ED-F407-4BD3-9B16-DC27A7016BBD|0060D7D5|001422|DRVR|
|103|SiFirmwareVersi|0CEFD645-588E-4ED7-9943-054808CD7572|0060EBF7|001942|DRVR|
|104|VtioDxe        |812BA1E0-6A75-4AE5-AD37-63D030974501|00610539|00123A|DRVR|
|105|AmtCompatiblity|890A3508-E816-41CF-B7E6-ED28E5BB5C28|00611773|000566|DRVR|
|106|AmtLockKbd     |5507247A-846B-4F22-B55F-72B4049435EF|00611CD9|00062E|DRVR|
|107|AmtBypass      |908C3852-B61B-4F26-AB66-F74F97E7DC1C|00612307|000BDA|DRVR|
|108|PlatformWrapper|538997F7-4B2E-4E6F-8AF1-0E8CF1AA9C69|00612EE1|000D4E|DRVR|
|109|AmiSyncSetupData|3DFE2E72-9F6D-4350-BA4F-20333B52B876|00613C2F|00158A|DRVR|
|110|BootMediaInfo  |3F7753EF-D36F-45CC-8A1A-2EAAFF1038B7|006151B9|0006A6|DRVR|
|111|Aint13         |67820532-7613-4DD3-9ED7-3D9BE3A7DA63|0061585F|0018D6|DRVR|
|112|Setup          |899407D7-99FE-43D8-9A21-79EC328CAC21|00617135|102E4A|DRVR|
|113|AmiHsti        |CCA91175-03E3-442A-B3B8-2E4A335C1DEA|00719F7F|005CEA|DRVR|
|114|ACPI           |16D0A23E-C09C-407D-A14A-AD058FDD0CA1|0071FC69|0036AA|DRVR|
|115|AcpiTableDxe   |9622E42C-8E38-4A08-9E8F-54F784652F6B|00723313|005106|DRVR|
|116|S3SaveStateDxe |BDCE85BB-FBAA-4F4E-9264-501A2C249581|00728419|0037A6|DRVR|
|117|BootScriptExecu|FA20568B-548B-4B2B-81EF-1BA08D4A3CEC|0072BBBF|008FE2|DRVR|
|118|FirmwarePerform|00160F8D-2B35-4DF2-BBE0-B272A8D631F0|00734BA1|00146A|DRVR|
|119|FmpCapsuleUpdate|0F23C1F8-4BAC-470C-B6B8-B392D544290A|0073600B|004DD2|DRVR|
|120|SioDxeInit     |4E82091E-32A1-4689-8A00-CDE41ED63CDD|0073ADDD|00169E|DRVR|
|121|HardwareSignatu|B7EE4835-84CE-4B15-BF52-2D11574CE470|0073C47B|0019B6|DRVR|
|122|LegacySredir   |4A3602BC-1A05-4C82-99B4-588CD2A32CD5|0073DE31|00256A|DRVR|
|123|OA3            |76D5CF91-0C55-434E-97C2-D2825C82E610|0074039B|000962|DRVR|
|124|PciDxeInit     |502B04F3-71AB-47B4-BEAE-4736EA190AA4|00740CFD|001D1E|DRVR|
|125|PciOutOfResourc|CDC1C80D-E6D3-4A42-9229-75F3BEFCF109|00742A1B|00450A|DRVR|
|126|ExportHiiDb    |271B424E-A4CC-4E0E-90A2-7EA4841F12F3|00746F25|000A8E|DRVR|
|127|Uhcd           |580DD900-385D-11D7-883A-00500473D4EB|007479B3|0113B6|DRVR|
|128|UsbRtDxe       |171F43DC-C4D9-47A6-9641-65DDCDD5AA30|00758D69|01CA0A|DRVR|
|129|UsbInt13       |4C006CD9-19BA-4617-8483-609194A1ACFC|00775773|00153E|DRVR|
|130|DpcDxe         |A210F973-229D-4F4D-AA37-9895E6C9EABA|00776CB1|000A56|DRVR|
|131|NetworkStackSet|21891A9E-763E-4377-8841-8D5C90D88C51|00777707|000506|DRVR|
|132|AmiBoardInfo2  |9F3A0016-AE55-4288-829D-D55FD3AAC347|00777C0D|000DA2|DRVR|
|133|ReFlash        |70E1A818-0BE1-4449-BFD4-9EF68C7F02A8|007789AF|010372|DRVR|
|134|CsmDxe         |A062CF1F-8473-4AA3-8793-600BC4FFE9A8|00788D21|00E426|DRVR|
|135|HddSecurity    |A9B700CF-019E-4D8B-A3A7-88E1EA01699E|00797147|006B82|DRVR|
|136|IntelGigabitLan|8E47929C-C80E-40CE-B013-807FEFC94110|0079DCC9|00066E|DRVR|
|137|EsrtDxe        |999BD818-7DF7-4A9A-A502-9B75033E6A0F|0079E337|00185A|DRVR|
|138|NvmeInt13      |C9A6DE36-FDFF-4FAF-8343-85D9E3470F43|0079FB91|00085E|DRVR|
|139|OpalSecurity   |59AF16B0-661D-4865-A381-38DE68385D8D|007A03EF|0013F2|DRVR|
|140|PauseKey       |0A845224-8675-4241-8AE9-4D94C93DEB90|007A17E1|00180E|DRVR|
|141|RngDxe         |B981A835-6EE8-4F4C-AE0B-210AA0BFBF01|007A2FEF|0013B6|DRVR|
|142|SdioInt13      |10B7F979-741C-467E-8764-8DD50D8AD6C5|007A43A5|000ABE|DRVR|
|143|AmiRedFishApi  |D4395796-6F4C-4C6B-B9D1-92DAA7199A84|007A4E63|003BA6|DRVR|
|144|SecFlashUpdDXE |AD3D267D-50E1-4B94-95D3-1025EF5B8391|007A8A09|001CAA|DRVR|
|145|Smbios         |B13EDD38-684C-41ED-A305-D7B7E32497DF|007AA6B3|00C3FE|DRVR|
|146|SmbiosBoard    |CEF68C66-06AB-4FB3-A3ED-5FFA885B5725|007B6AB1|003672|DRVR|
|147|AmiTcgNvflagSam|50F6096D-7C98-4C78-9A1D-C5A1833B6A88|007BA123|000D22|DRVR|
|148|AmiTcgPlatformD|A29A63E3-E4E7-495F-8A6A-07738300CBB3|007BAE45|007C16|DRVR|
|149|TcgDxeplatform |2688B232-9C02-4C12-BE1F-857C0FF2AAE3|007C2A5B|0008DA|DRVR|
|150|TcgLegacy      |858EBE6F-360F-415B-B7DC-463AAEB03412|007C3335|0010BE|DRVR|
|151|Tpm20PlatformDxe|0718AD81-F26A-4850-A6EC-F268E309D707|007C43F3|010022|DRVR|
|152|Tpm20Acpi      |4C8BDF60-2085-4577-8A46-96CB180967BC|007D4415|00118E|DRVR|
|153|TpmSmbiosDxe   |077A3100-1667-45FA-B98C-37651B5073EE|007D55A3|002F22|DRVR|
|154|SmbiosMeasureme|D27FED59-ABB4-4FED-BEAD-2A878C7E4A7E|007D84C5|001222|DRVR|
|155|TCMDXE         |0135229A-EBB5-4A21-957D-1D20057CF752|007D96E7|000FF6|DRVR|
|156|FboGroupForm   |A3AD355A-13D0-4DCF-9C21-3D2C5F1BAD5F|007DA6DD|007302|DRVR|
|157|CryptoDxe      |FEA01457-E381-4135-9475-C6AFD0076C61|007E19DF|001A3A|DRVR|
|158|CpuS3DataDxe   |4D2E57EE-0E3F-44DD-93C4-D3B57E96945D|007E3419|000B72|DRVR|
|159|CrbSmbiosDxe   |ADF47106-5CF8-4D02-BCF9-BACCC7D3162B|007E3F8B|000726|DRVR|
|160|UEFIGBEX64     |5A0516BF-45FF-48B6-886B-F96E47182FE5|007E46B1|0625F6|DRVR|
|161|CapsuleRuntimeD|42857F0A-13F2-4B21-8A23-53D3F714B840|00846CA7|001C7A|DRVR|
|162|RuntimeDxe     |B601F8C4-43B7-4784-95B1-F4226CB40CEE|00848921|00385E|DRVR|
|163|PiSmmIpl       |2FA2A6DA-11D5-4DC3-999A-749648B03C56|0084C17F|00387E|DRVR|
|164|ResetSystemRunt|4B28E4C7-FF36-4E10-93CF-A82159E777C5|0084F9FD|001872|DRVR|
|165|SbRun          |E23F86E1-056E-4888-B685-CFCD67C179D4|0085126F|003476|DRVR|
|166|SmmControl     |A0BAD9F7-AB78-491B-B583-C52B7F84B9E0|008546E5|001E5E|DRVR|
|167|CryptoDXE      |77EB6C06-FD48-488B-A1B3-AE0A70801369|00856543|00EE5A|DRVR|
|168|FlashSmiDxe    |755877A6-4F10-4A5C-9B2E-852123B9682C|0086539D|00226E|DRVR|
|169|NTFS           |768BEDFD-7B4B-4C9F-B2FF-6377E3387243|0086760B|005392|DRVR|
|170|SmiFlashDxe    |BB8C2CF3-A5E3-49EF-941B-4A01FAC6FD5F|0086C99D|001292|DRVR|
|171|ConSplitter    |628A497D-2BF6-4264-8741-069DBD3399D6|0086DC2F|005E26|DRVR|
|172|GraphicsConsole|43E7ABDD-E352-4CFB-A230-4CDC1D350E5C|00873A55|003C4E|DRVR|
|173|DiskIoDxe      |6B38F7B4-AD98-40E9-9093-ACA2B5A253C4|008776A3|001EE2|DRVR|
|174|PartitionDxe   |1FA1F39E-FEFF-4AAE-BD7B-38A070A3B609|00879585|003BCA|DRVR|
|175|NhltInstallTable|1009A840-C625-42B3-A94B-B90F991B1B1A|0087D14F|001002|DRVR|
|176|SerialIoUartDri|5D744BC4-CA94-4F8A-9C50-EBC2A107303E|0087E151|002056|DRVR|
|177|QuickSpi       |098ED901-C6BF-4D20-91E2-A39F0C084A8D|008801A7|004A9E|DRVR|
|178|Thc            |53E65F94-B418-4541-9A12-18839A56B427|00884C45|003C32|DRVR|
|179|RstUefiDriverSu|12A5DC4A-88AA-89DA-89D0-D4547191E3F4|00888877|000B96|DRVR|
|180|UsbDeviceDxe   |42CF2D4A-78B4-4B80-80F9-96A83A630D70|0088940D|009AA6|DRVR|
|181|Ahci           |8F5A2E02-538C-4D59-B920-C4786ACBC552|00892EB3|0086B2|DRVR|
|182|HidKeyboardDxe |043A3340-7CD0-4338-B7FE-7A6AEB790A28|0089B565|00386A|DRVR|
|183|HidAbsolutePoin|25CA4430-495D-42EF-8157-4D0AE2124862|0089EDCF|0015D2|DRVR|
|184|HidSimplePointer|859F2D28-2894-4EF7-A05C-F8BFC7922DB7|008A03A1|00142E|DRVR|
|185|AmiHidServiceDr|C10FB8CA-55A8-4132-8263-3D5B82359F04|008A17CF|001EF2|DRVR|
|186|GenericSio     |8EEF9AD2-463E-425F-A4FE-2F6783D6F97E|008A36C1|006E06|DRVR|
|187|PciBus         |3C1DE39F-D207-408A-AACC-731CFB7F1DD7|008AA4C7|01341E|DRVR|
|188|Ps2Main        |5FECEF6B-5FA4-4570-8163-0CF72A9C04C5|008BD8E5|00525A|DRVR|
|189|TerminalSrc    |54891A9E-763E-4377-8841-8D5C90D88CDE|008C2B3F|00AAE2|DRVR|
|190|SerialIo       |97C81E5D-8FA0-486A-AAEA-0EFDF090FE4F|008CD621|0045BE|DRVR|
|191|ArpDxe         |529D3F93-E8E9-4E73-B1E1-BDF6A9D50113|008D1BDF|00343E|DRVR|
|192|MnpDxe         |025BBFC7-E6A9-4B8B-82AD-6815A1AEAF4A|008D501D|006FDE|DRVR|
|193|TlsDxe         |3ACEB0C0-3C72-11E4-9A56-74D435052646|008DBFFB|17C0DE|DRVR|
|194|TcpDxe         |1A7E4468-2F55-4A56-903C-01265EB7622B|00A580D9|00C27E|DRVR|
|195|UefiPxeBcDxe   |B95E9FDA-26DE-48D2-8807-1F9107AC5E3A|00A64357|00FA6A|DRVR|
|196|HttpBootDxe    |ECEBCB00-D9C8-11E4-AF3D-8CDCD426C973|00A73DC1|00E41A|DRVR|
|197|SnpDxe         |A2F436EA-A127-4EF8-957C-8048606FF670|00A821DB|00565E|DRVR|
|198|HttpDxe        |2366C20F-E15A-11E3-8BF1-E4115B28BC50|00A87839|0099FE|DRVR|
|199|DnsDxe         |B219E140-DFFC-11E3-B956-0022681E6906|00A91237|00A0FE|DRVR|
|200|HttpUtilitiesDxe|22EA234F-E72A-11E4-91F9-28D2447C4829|00A9B335|00110A|DRVR|
|201|Dhcp4Dxe       |94734718-0BBC-47FB-96A5-EE7A5AE6A2AD|00A9C43F|008322|DRVR|
|202|Ip4Dxe         |9FB1A1F3-3B71-4324-B39A-745CBB015FFF|00AA4761|010A32|DRVR|
|203|Mtftp4Dxe      |DC3641B8-2FA8-4ED3-BC1F-F9962A03454B|00AB5193|0075C2|DRVR|
|204|Udp4Dxe        |6D6963AB-906D-4A65-A7CA-BD40E5D6AF2B|00ABC755|006F3E|DRVR|
|205|Ip6Dxe         |5BEDB5CC-D830-4EB2-8742-2D4CC9B54F2C|00AC3693|0174F2|DRVR|
|206|Udp6Dxe        |D912C7BC-F098-4367-92BA-E911083C7B0E|00ADAB85|006D3E|DRVR|
|207|Dhcp6Dxe       |95E3669D-34BE-4775-A651-7EA41B69D89E|00AE18C3|007EA2|DRVR|
|208|Mtftp6Dxe      |99F03B99-98D8-49DD-A8D3-3219D0FFE41E|00AE9765|007A02|DRVR|
|209|AtaPassThru    |2E3AB8B6-AC9D-4D70-A675-54F52FB22D66|00AF1167|0017A2|DRVR|
|210|CsmBlockIo     |25ACF158-DD61-4E64-9A49-55851E9A26C7|00AF2909|003056|DRVR|
|211|CsmVideo       |29CF55F8-B675-4F5D-8F2F-B87A3ECFD063|00AF595F|004692|DRVR|
|212|Fat            |961578FE-B6B7-44C3-AF35-6BC705CD2B1F|00AF9FF1|006CF6|DRVR|
|213|PostReport     |90D3B13C-788B-4337-B91E-69ACAEAEEB04|00B00CE7|00489E|DRVR|
|214|DcScreen       |9C65AFA1-9A5E-49D9-AA81-3915CCBE2E36|00B05585|004D7A|DRVR|
|215|IntelGigabitLan|4953F720-006D-41F5-990D-0AC7742ABB60|00B0A2FF|046D46|DRVR|
|216|Nvme           |634E8DB5-C432-43BE-A653-9CA2922CC458|00B51045|008036|DRVR|
|217|ScsiBus        |0167CCC4-D0F7-4F21-A3EF-9E64B7CDCE8B|00B5907B|00207E|DRVR|
|218|ScsiDisk       |0A66E322-3740-4CCE-AD62-BD172CECCA35|00B5B0F9|007642|DRVR|
|219|SdioDriver     |2BA0D612-C3AD-4249-915D-AA0E8709485F|00B6273B|007636|DRVR|
|220|UfsPassThruDxe |E7F1DFF9-DAB6-498A-9ADF-57F344EDDF57|00B69D71|003F0E|DRVR|
|221|UfsPciHcDxe    |AF43E178-C2E9-4712-A7CD-08BFDAC7482C|00B6DC7F|0010E6|DRVR|
|222|OemGlobalNvs   |84AB37A0-9A8B-4943-A5F9-F320DF7E1CB6|00B6ED65|00157A|DRVR|
|223|PiSmmCore      |E94F54CD-81EB-47ED-AEC3-856F5DC157A9|00B702DF|00A842|SMMC|
|224|FlashDriverSmm |0C375A90-4C4C-4428-8EA0-531BE8959BF7|00B7AB21|005A9A|SMM |
|225|NvramSmm       |447A1B58-8F3E-4658-ABAA-9E7B2280B90A|00B805BB|0172C6|SMM |
|226|CpuIo2Smm      |A47EE2D8-F60E-42FD-8E58-7BD65EE4C29B|00B97881|00146A|SMM |
|227|SmmLockBox     |33FB3535-F15E-4C17-B303-5EB94595ECB6|00B98CEB|001E6E|SMM |
|228|FlashUcAcmSmm  |563FAFF1-EC71-4EB8-9E6E-60BF1447E285|00B9AB59|10DEBA|SMM |
|229|NbSmi          |D933DEDE-0260-4E76-A7D9-2F9F2440E5A5|00CA8A13|001AAA|SMM |
|230|PowerButton    |E566B097-4378-485F-91D0-1C097C190CE2|00CAA4BD|001892|SMM |
|231|SbRunSmm       |C99E42D0-4964-4B09-B924-4A59E13E4F04|00CABD4F|0030EA|SMM |
|232|SleepSmi       |6298FE18-D5EF-42B7-BB0C-2953283F5704|00CAEE39|0020A2|SMM |
|233|PeriodicSmiCont|87EA012D-CBAD-44C1-8431-61193A060941|00CB0EDB|001AA2|SMM |
|234|TcoSmi         |2B4034AE-8566-412F-9CA5-67FD698FC261|00CB297D|00188A|SMM |
|235|AcpiModeEnable |750890A6-7ACF-4F4F-81BD-B400C2BEA95A|00CB4207|002E9A|SMM |
|236|BiosGuardServic|6D4BAA0B-F431-4370-AF19-99D6209239F6|00CB70A1|017C9E|SMM |
|237|SmbusSmm       |59287178-59B2-49CA-BC63-532B12EA2C53|00CCED3F|001A7E|SMM |
|238|SpiSmm         |27F4917B-A707-4AAD-9676-26DF168CBF0D|00CD07BD|00228A|SMM |
|239|SpiSmmStub     |7D655829-26DD-4342-96AD-04899477C3FA|00CD2A47|001682|SMM |
|240|PchInitSmm     |D7B10D4E-67E6-4C74-83E9-F9AF0ACC33CC|00CD40C9|009936|SMM |
|241|SaLateInitSmm  |2D1E361C-7B3F-4D15-8B1F-66E551FABDC7|00CDD9FF|00B2CE|SMM |
|242|HstiIhvSmm     |4D1514D2-FBDE-49C6-B20A-A40288A0D4AA|00CE8CCD|0014DA|SMM |
|243|PpamPlatformSmm|91D211BF-37C2-495A-8DF7-9546BD2555C0|00CEA1A7|0022AE|SMM |
|244|PlatformInitAdv|CB73C3D9-2F01-4342-AE67-04DDE5264092|00CEC455|00653A|SMM |
|245|AMTLockUsbKBD  |9173C39B-08DA-429A-BE15-0F7481CF72CE|00CF298F|0018AA|SMM |
|246|AmtLockPbtn    |61ED3D94-30D8-408C-97DF-DEDF2740F630|00CF4239|0005CE|DRVR|
|247|AhciSmm        |BC3245BD-B982-4F55-9F79-056AD7E987C5|00CF4807|00307A|SMM |
|248|CryptoSMM      |2AD511C7-1B60-4002-841D-2998DDC138EE|00CF7881|00EE7E|SMM |
|249|SmmS3SaveState |2D59F041-53A4-40D0-A6CD-844DC0DFEF17|00D066FF|00408A|SMM |
|250|FirmwarePerform|044310AB-77FD-402A-AF1A-87D4120E7329|00D0A789|001CAA|SMM |
|251|SmmGenericSio  |2486829B-D3F3-47EC-827A-FC104907FC5C|00D0C433|003296|SMM |
|252|LegacySmmSredir|291E46D4-CA63-4D33-9857-1397C9AD7C0D|00D0F6C9|001C9A|SMM |
|253|OA3_SMM        |8434DA1F-5CEB-402E-A93C-038CBE0F3F0E|00D11363|00127A|SMM |
|254|SmiVariable    |BE216BA8-38C4-4535-A6CA-5DCA5B43ADDF|00D125DD|002092|SMM |
|255|UsbRtSmm       |04EAAAA1-29A1-11D7-8838-00500473D4EB|00D1466F|02A4A2|SMM |
|256|ReFlashSmm     |E90A7B5E-37B2-43E4-B281-4C8E349045E9|00D3EB11|001682|SMM |
|257|RuntimeSmm     |4A6D890F-93C3-4B6D-A67D-5F2C4DCE347B|00D40193|001482|SMM |
|258|CmosSmm        |F44875AB-B9FC-4578-A280-AA335B49967C|00D41615|00388A|SMM |
|259|VerifyFwBootGua|EE89F590-A816-4AC5-B3A9-1BC759B12439|00D44E9F|001C9E|SMM |
|260|FlashSmiSmm    |6C289241-E240-483F-9E3E-872C0396B599|00D46B3D|001492|SMM |
|261|SmmHddSecurity |316B1230-0500-4592-8C09-EABA0FB6B07F|00D47FCF|003EAE|SMM |
|262|NvmeSmm        |E5E2C9D9-5BF5-497E-8860-94F81A09ADE0|00D4BE7D|00388A|SMM |
|263|Ofbd           |57E56594-CE95-46AD-9531-3C49310CA7CE|00D4F707|007686|SMM |
|264|RTCWakeup      |9BFE0707-8174-4B8A-A5F5-556FB10E8843|00D56D8D|002AB2|SMM |
|265|SdioSmm        |EA343100-1A37-4239-A3CB-B92240B935CF|00D5983F|00288A|SMM |
|266|SecSMIFlash    |3370A4BD-8C23-4565-A2A2-065FEEDE6080|00D5C0C9|0050EE|SMM |
|267|SmbiosDmiEdit  |E2A74738-8934-48F5-8412-99E948C8DC1B|00D611B7|0060CE|SMM |
|268|SmiFlash       |BC327DBD-B982-4F55-9F79-056AD7E987C5|00D67285|006AC6|SMM |
|269|TcgSmm         |FD93F9E1-3C73-46E0-B7B8-2BBA3F718F6C|00D6DD4B|0018AE|SMM |
|270|TpmClearOnRollb|C56EDB22-3D78-4705-A222-BDD6BD154DA0|00D6F5F9|001EA6|SMM |
|271|CryptoSmm      |391B853F-F488-479B-A3D6-870766C7A38F|00D7149F|00267E|SMM |
|272|PiSmmCpuDxeSmm |A3FF0EF5-0C28-42F5-B544-8C7DE1E80014|00D73B1D|0142BE|SMM |
|273|CrbSmi         |221F1D4F-034C-4BEA-B2BB-B7A9672B06D7|00D87DDB|0018AE|SMM |
|274|PiSmmCommunicat|E21F35A8-42FF-4050-82D6-93F7CDFA7073|00D89689|001296|SMM |
|275|EmmcDllTuning  |BF7862C9-CDFF-4261-8385-B61916CD2E9A|00D8A91F|00A96A|APPN|
|276|               |8DE8964F-2939-4B49-A348-F6B2B2DE4A42|00D95289|0000CA|FRFM|
|277|               |E3164526-690A-4E0D-B028-AEA16FE2BCF3|00D95353|00071E|FRFM|
|278|               |63819805-67BB-46EF-AA8D-1524A19A01E4|00D95A71|01BC12|FRFM|
|279|               |C118F50D-391D-45F4-B3D3-11BC931AA56D|00DB1683|07FE2E|FRFM|
|280|               |709E6472-1BCD-43BD-8B6B-CD2D6D08B967|00E314B1|0000B8|FRFM|
|281|               |A08276EC-A0FE-4E06-8670-385336C7D093|00E31569|0004B2|FRFM|
|282|               |E998C6D8-572B-4E18-96CC-031EA3DD558C|00E31A1B|000714|FRFM|
|283|               |142204E2-C7B1-4AF9-A729-923758D96D03|00E3212F|000B6A|FRFM|
|284|               |0AA31BC6-3379-41E8-825A-53F82CC0F254|00E32C99|002DC6|FRFM|
|285|               |7D113AA9-6280-48C6-BACE-DFE7668E8307|00E35A5F|000629|FRFM|
|286|StatusCodeDxe  |61422D26-81EC-47FF-B6CF-939EAEE73FBA|00E36088|005A62|DRVR|
|287|StatusCodeSmm  |DB08F6CA-3048-4CD8-9B1F-20BED33ECFE7|00E3BAEA|004686|SMM |
|288|FlashDriver    |CBC59C4A-383A-41EB-A8EE-4498AEA567E4|00E40170|005C5E|DRVR|
|289|NvramDxe       |1807040D-5934-41A2-A088-8E0F777F71AB|00E45DCE|01326A|DRVR|
|290|PcdDxe         |80CF7257-87AB-47F9-A3FE-D50B76D89541|00E59038|00404E|DRVR|
|291|               |C38FB0E2-0C43-49C9-B544-9B17AA4DCBA3|00E5D086|00E44C|FRFM|
|292|CpuDxe         |1A1E4886-9517-440E-9FDE-3BE44CEE2136|00E6B4D2|00CAF6|DRVR|
|293|CpuInitDxe     |FCCCE259-07E1-417A-A755-E0F2CF39295E|00E77FC8|001D4E|DRVR|
|294|               |4F4CDB16-E322-4477-8924-E5DFA1CF3121|00E79D16|003B06|FRFM|
|295|               |96E7FF14-5285-48DC-B687-D3F043EFDF5E|00E7D81C|0039F6|FRFM|
|296|               |CE9CAA0E-8248-442C-9E57-50F212E2BAED|00E81212|003355|FRFM|
|297|               |77AED82E-77DE-42CA-8C27-E9D71DF606C7|00E84567|001073|FRFM|
|298|               |76AED82E-77DE-42CA-8C27-E9D71DF606C7|00E855DA|000DDE|FRFM|
|299|               |9B25DBA6-45B3-4190-998D-AF31DC217821|00E863B8|00016C|FRFM|
|300|               |3C0ED5E2-91EA-4B94-820D-9DAF9A3BB4A2|00E86524|0000BC|FRFM|
|301|PchSmiDispatcher|B0D6ED53-B844-43F5-BD2F-61095264E77E|00E865E0|008EE6|SMM |
|302|               |CA89914D-2317-452E-B245-36C6FB77A9C6|00E8F4C6|002951|FRFM|
|303|SaInitDxe      |DE23ACEE-CF55-4FB6-AA77-984AB53DE811|00E91E17|003E96|DRVR|
|304|AdvancedAcpiDxe|C3E69EB2-0429-4BD6-AE4A-8CA02FBACC2E|00E95CAD|00D2F6|DRVR|
|305|AcpiDebugDxe   |EC98FF95-242C-4513-B1BC-69FA24111C58|00EA2FA3|000B1A|DRVR|
|306|AcpiPlatformFea|07709C98-414A-4039-B7D0-29C21F105E92|00EA3ABD|0078B2|DRVR|
|307|               |EA139578-FEA0-4DD2-91B5-6953819EF1E4|00EAB36F|001610|FRFM|
|308|SmbiosPlatformI|D22C15F5-818B-4940-90EB-ABB377255644|00EAC97F|00513A|DRVR|
|309|SmbiosMisc     |D22C15F5-818B-4940-90EB-ABB377255643|00EB1AB9|0015B2|DRVR|
|310|UsbTypeCDxe    |15B985C5-7103-4F35-B59D-2235FC5F3FFE|00EB306B|003646|DRVR|
|311|AdvancedPmaxDxe|66E6C2E4-0245-4545-8165-12322480AF31|00EB66B1|000D8A|DRVR|
|312|               |7E374E25-8E01-4FEE-87F2-390C23C606CD|00EB743B|0C0503|FRFM|
|313|               |A59A0056-3341-44B5-9C9C-6D76F7673817|00F7793E|0000A2|FRFM|
|314|               |7B9A0A12-42F8-4D4C-82B6-32F0CA1953F4|00F779E0|00AAF0|FRFM|
|315|CmosDxe        |3237418A-478C-4700-B59F-768E2CCBC726|00F824D0|002BDA|DRVR|
|316|PcdPeim        |9B3ADA4F-AE56-4C24-8DEA-F03B7558AE50|00F850AA|005A2E|PEIM|
|317|SecureBootDXE  |4551F2F5-C684-4F27-936F-C7B04A5C5FF1|00F8AAD8|001696|DRVR|
|318|               |DAF4BF89-CE71-4917-B522-C89D32FBC59F|00F8C16E|0008B3|FRFM|
|319|TcgDxe         |5E9CABA3-F2B1-497A-ADAC-24F575E9CDE9|00F8CA21|00513A|DRVR|
|320|Tcg2Dxe        |39045756-FCA3-49BD-8DAE-C7BAE8389AFF|00F91B5B|00F3EA|DRVR|
|321|TcgPlatformSetu|196CA3D8-9A5A-4735-B328-8FFC1D93D188|00FA0F45|000EBA|DRVR|
|322|CpuIo2Dxe      |A19B1FE7-C1BC-49F8-875F-54A5D542443F|00FA1DFF|00095A|DRVR|
|323|CrbDxe         |16271FCA-55D9-4A33-93FC-5A3EB128DEB6|00FA2759|000E76|DRVR|
|324|               |DAC2B117-B5FB-4964-A312-0DCC77061B9B|00FA35CF|000D9C|FRFM|
|325|               |9221315B-30BB-46B5-813E-1B1BF4712BD3|00FA436B|0007BE|FRFM|
|326|               |76646656-48F0-4814-B988-6B74B3D814A6|00FA4B29|010018|RAW |
|327|TrustedDeviceSe|658D56F0-4364-4721-B70E-732DDC8A2771|00FB4B41|00B30C|APPN|
|328|               |943D4107-5D78-4233-A382-6260062C554C|00FBFE4D|00B01C|FRFM|
|329|               |6C8FAEE0-6521-477A-83BF-0D6598DD28A2|00FCAE69|0007BC|FRFM|
|330|               |7134E3EE-7FA6-4489-87A7-AE38984EAED8|00FCB625|00501C|FRFM|
|331|               |7C7D635B-8B9C-463C-9F7F-91F60906848F|00FD0641|00080A|FRFM|
|332|               |8D3168FD-8CD5-4B35-9AA0-3C964D4CC14A|00FD0E4B|01A621|DRVR|
|333|AMITSE         |B1DA0ADF-4F77-4070-A88E-BFFE1C60529A|00FEB46C|02D2DE|DRVR|
|334|AMITSESetupData|FE612B72-203C-47B1-8560-A66D946EB371|0101874A|00FB1A|FRFM|
|335|               |365C62BA-05EF-4B2E-A7F7-92C1781AF4F9|01028264|00C1C1|FRFM|
|336|               |CC0F8A3F-3DEA-4376-9679-5426BA0A907E|01034425|00048C|FRFM|
|337|               |9FE7DE69-0AEA-470A-B50A-139813649189|010348B1|000D1E|FRFM|
|338|               |FBF95065-427F-47B3-8077-D13C60710998|010355CF|001400|FRFM|
|339|               |9D7A05E9-F740-44C3-858B-75586A8F9C8E|010369CF|004131|FRFM|
|340|               |A0327FE0-1FDA-4E5B-905D-B510C45A61D0|0103AB00|061528|FRFM|
+---+---------------+------------------------------------+--------+------+----+
| Bytes Free       : 000FD8 (  3 KB)    Bytes Used       : 109C028 (17008 KB)    |
+-----------------------------------------------------------------------------+
| Firmware Volume : 03               Location :  01A70000   Length :  090000  |
+---+---------------+------------------------------------+--------+------+----+
|NO |    FileName   |               GUID                 |Location| Size |Type|
+---+---------------+------------------------------------+--------+------+----+
|000|               |4A9A6353-125B-4083-BB20-BBACFAE2669A|01A70078|000018|RAW |
|001|               |F81222D5-984E-488E-BC8B-6613A757294D|01A70090|000018|RAW |
|002|               |F554C839-10BC-451A-B8E5-104515A117AF|01A700A8|000018|RAW |
|003|               |201B32CB-21AD-4AB3-B21D-CEDD1A2053F7|01A70FE8|000418|RAW |
|004|               |F641AC56-3B92-4154-8547-80EF6AAFF551|01A71400|031B40|FV  |
+---+---------------+------------------------------------+--------+------+----+
| Bytes Free       : 05E014 (376 KB)    Bytes Used       : 031FEC (199 KB)    |
+-----------------------------------------------------------------------------+
| Firmware Volume : 04               Location :  00000000   Length :  077000  |
+---+---------------+------------------------------------+--------+------+----+
|NO |    FileName   |               GUID                 |Location| Size |Type|
+---+---------------+------------------------------------+--------+------+----+
|000|FwKeyHobPei    |76864548-0261-410E-A8B4-01615BFA3E0A|00000048|000706|PEIM|
|001|FirmwarePerform|ADF01BF6-47D6-495D-B95B-687777807214|0000074E|000A8A|PEIM|
|002|PeiPciePhyFwLoa|90BF2BFB-F998-4CBC-AD72-008D4D047A4B|000011D8|004016|PEIM|
|003|RstVmdPeim     |24DDC83F-9F06-44AB-B696-60FE7DF2C948|000051EE|00CF22|PEIM|
|004|PlatformInitPos|59ADD62D-A1C0-44C5-A90F-A1168770468C|00012110|006E82|PEIM|
|005|CpuPei         |E60A79D5-DC9B-47F1-87D3-51BF697B6121|00018F92|000682|PEIM|
|006|PlatformInitAdv|314EE04C-1106-4DC6-ACBC-CF19C0DBC5CC|00019614|0061A2|PEIM|
|007|FspsWrapperPeim|0D244DF9-6CE3-4133-A1CF-53200AB663AC|0001F7B6|0007EA|PEIM|
|008|FspWrapperPeim |960241A5-5CE6-4EBF-B9C4-E37D294BEBA9|0001FFA0|00385A|PEIM|
|009|FspFirmwareVers|3245EA7C-9209-41E7-BE2C-EB662B8C0622|000237FA|00062E|PEIM|
|010|BiosGuardFirmwa|655B0D2F-BCF1-4B1E-9A6A-A2E891BB50E4|00023E28|000642|PEIM|
|011|PiSmmCommunicat|1C8B7F78-1699-40E6-AF33-9B995D16B043|0002446A|000666|PEIM|
|012|S3Resume2Pei   |89E549B0-7CFE-449D-9BA3-10D8B2312D71|00024AD0|001552|PEIM|
|013|MsegSmramPeim  |D2ABC888-AE13-4E3B-BCEE-5DE368FA4E72|00026022|000606|PEIM|
|014|TcgPei         |34989D8E-930A-4A95-AB04-2E6CFDFF6631|00026628|0024AA|PEIM|
|015|TrEEPei        |961C19BE-D1AC-4BA7-87AF-4AE0F09DF2A6|00028AD2|00AA66|PEIM|
|016|AmiTpm20Platfor|0D8039FF-49E9-4CC9-A806-BB7C31B0BCB0|00033538|00C00A|PEIM|
|017|PcdRecoveryPei |1C98780A-C67D-4D9B-A9D8-4AC0487A6D6E|0003F542|00044A|PEIM|
|018|CryptoPPI      |67451698-1825-4AC5-999D-F350CC7D5D72|0003F98C|005D29|PEIM|
|019|SmbiosPeim     |968C1D9F-80C4-43B7-8CAE-668AA56C4E71|000456B5|000742|PEIM|
|020|UsbPei         |39E8CA1A-7A69-4A73-834A-D06381933286|00045DF7|004018|PEIM|
|021|AmiTcgPlatformP|9B3F28D5-10A6-46C8-BA72-BD40B847A71A|00049E0F|0060F6|PEIM|
|022|AmiTcgPlatformP|E9312938-E56B-4614-A252-CF7D2F377E26|0004FF05|000422|PEIM|
|023|TcgPeiplatform |6B844C5B-6B75-42CA-8E8E-1CB94412B59B|00050327|00040A|PEIM|
|024|AhciRecovery   |BDAD7D1A-4C48-4C75-B5BC-D002D17F6397|00050731|00197D|PEIM|
|025|Recovery       |DACF705C-71DF-497D-AABE-10186B2E1DDE|000520AE|001010|PEIM|
|026|FsRecovery     |7ECD9C20-68B9-4A6F-B515-D64FF500B109|000530BE|002E10|PEIM|
|027|NvmeRecovery   |00026AEB-F334-4C15-A7F0-E1E897E9FE91|00055ECE|00251E|PEIM|
|028|               |52BF7D53-79CF-4555-A517-1E8BB3042332|000583EC|01BC12|FRFM|
|029|               |DCB132E7-27D2-40FF-9C3F-9F280B3D10F5|00073FFE|00221C|FRFM|
|030|               |0CAE55C0-65B3-4734-832A-74322E1C813A|0007621A|000572|FRFM|
+---+---------------+------------------------------------+--------+------+----+
| Bytes Free       : 000874 (  2 KB)    Bytes Used       : 07678C (473 KB)    |
+-----------------------------------------------------------------------------+
| Firmware Volume : 05               Location :  01B00000   Length :  0B0000  |
+---+---------------+------------------------------------+--------+------+----+
|NO |    FileName   |               GUID                 |Location| Size |Type|
+---+---------------+------------------------------------+--------+------+----+
|000|               |3417F275-4CF1-42D8-A0C3-B3F60779DF4D|01B00048|05A028|FV  |
+---+---------------+------------------------------------+--------+------+----+
| Bytes Free       : 055F90 (343 KB)    Bytes Used       : 05A070 (360 KB)    |
+-----------------------------------------------------------------------------+
| Firmware Volume : 06               Location :  00000000   Length :  05A000  |
+---+---------------+------------------------------------+--------+------+----+
|NO |    FileName   |               GUID                 |Location| Size |Type|
+---+---------------+------------------------------------+--------+------+----+
|000|               |912740BE-2284-4734-B971-84B027353F0C|00000048|0000A4|RAW |
|001|               |DF0FCD70-264A-40BF-BBD4-06C76DB19CB1|000000EC|0004E0|SECC|
|002|DxeIpl         |86D70125-BAA3-4296-A62F-602BEBBB9081|000005CC|00252A|PEIM|
|003|SiInitFsp      |80A845AC-210F-43B0-995B-477BE41AB4E8|00002AF6|022FA9|PEIM|
|004|FspInit        |131B73AC-C033-4DE1-8794-6DAB08E731CF|00025A9F|002AF6|PEIM|
|005|CpuMpPei       |EDADEB9D-DDBA-48BD-9D22-C1C169C8C5C6|00028595|00431F|PEIM|
|006|CpuFeaturesPei |183BB3E1-A1E5-4445-8AC9-0E83B6547E0E|0002C8B4|0027A9|PEIM|
|007|SaInitFsp      |4E22BF36-C59D-47C4-9FD1-25A603D75958|0002F05D|0004C7|PEIM|
|008|PchInitFspTgl  |54D7CC18-492A-4B43-AD9E-A461D81F82B5|0002F524|000AAA|PEIM|
|009|HeciInit       |EEE8D8EC-40C2-159B-71C7-8796EEEF3FBC|0002FFCE|002315|PEIM|
|010|FspNotifyPhaseP|29CBB005-C972-49F3-960F-292E2202CECD|000322E3|000523|PEIM|
|011|FspS3Notify    |EA7F0916-B5C8-493F-A006-565CC2041044|00032806|00042E|PEIM|
|012|PcatSingleSegme|4F1F379F-2A62-48BB-AC34-D3F135C6E2B7|00032C34|000634|PEIM|
|013|FspEndOfPei2Peim|8B555AE2-4254-43A2-839E-4869604CCC9A|00033268|0001D4|PEIM|
|014|PchInitDxeFsp  |B8BA8298-AF29-4FA3-9D10-27A8478BB6A7|0003343C|00147F|DRVR|
|015|HeciInitDxeFsp |C92652E3-C7DE-4C78-9577-1C897C51BFFA|000348BB|001692|DRVR|
|016|SaInitDxeFsp   |1C652EC8-2347-44C1-93E0-D1BEE8C82FFC|00035F4D|000B59|DRVR|
|017|               |E3CD9B18-998C-4F76-B65E-98B154E5446F|00036AA6|001084|RAW |
|018|IntelGraphicsPe|76ED893A-B2F9-4C7D-A05F-1EA170ECF6CD|00037B2A|00DF6E|PEIM|
+---+---------------+------------------------------------+--------+------+----+
| Bytes Free       : 014568 ( 81 KB)    Bytes Used       : 045A98 (278 KB)    |
+-----------------------------------------------------------------------------+
| Firmware Volume : 07               Location :  01BB0000   Length :  0BC000  |
+---+---------------+------------------------------------+--------+------+----+
|NO |    FileName   |               GUID                 |Location| Size |Type|
+---+---------------+------------------------------------+--------+------+----+
|000|               |912740BE-2284-4734-B971-84B027353F0C|01BB0078|0000A4|RAW |
|001|               |C2F9AE46-3437-4FEF-9CB1-9A568B282FEE|01BB0120|0009E8|SECC|
|002|PeiCore        |52C05B14-0B98-496C-BC3B-04B50211D680|01BB0B08|00591E|PEIC|
|003|PcdPeim        |9B3ADA4F-AE56-4C24-8DEA-F03B7558AE50|01BB6428|001A9A|PEIM|
|004|ResetSystemPei |6141E486-7543-4F1A-A579-FF532ED78E75|01BB7EC8|000836|PEIM|
|005|FspGlobalDataIn|BAEB5BEE-5B33-480A-8AB7-B29C85E7CEAB|01BB8700|000452|PEIM|
|006|FspPcdInit     |88C17E54-EBFE-4531-A992-581029F58126|01BB8B58|00034E|PEIM|
|007|SiInitPreMemFsp|D9117BD7-0807-4F38-B773-AD86A791EAFC|01BB8EA8|09AFA6|PEIM|
|008|FspInitPreMem  |9E1CC850-6731-4848-8752-6673C7005EEE|01C53E50|006B26|PEIM|
|009|               |D5B86AEA-6AF7-40D4-8014-982301BC3D89|01C5A978|000B5C|RAW |
|010|               |D9093578-08EB-44DF-B9D8-D0C1D3D55D96|01C5B4D8|000067|RAW |
+---+---------------+------------------------------------+--------+------+----+
| Bytes Free       : 010AEC ( 66 KB)    Bytes Used       : 0AB514 (685 KB)    |
+-----------------------------------------------------------------------------+
| Firmware Volume : 08               Location :  01D00000   Length :  010000  |
+---+---------------+------------------------------------+--------+------+----+
|NO |    FileName   |               GUID                 |Location| Size |Type|
+---+---------------+------------------------------------+--------+------+----+
|000|               |912740BE-2284-4734-B971-84B027353F0C|01D00078|0000A4|RAW |
|001|               |5B94E419-C795-414D-A0D4-B80A877BE5FE|01D00120|005D00|SECC|
|002|               |70BCF6A5-FFB1-47D8-B1AE-EFE5508E23EA|01D05E20|0000FC|RAW |
+---+---------------+------------------------------------+--------+------+----+
| Bytes Free       : 00A10C ( 40 KB)    Bytes Used       : 005EF4 ( 23 KB)    |
+-----------------------------------------------------------------------------+
| Firmware Volume : 09               Location :  01D10000   Length :  080000  |
+---+---------------+------------------------------------+--------+------+----+
|NO |    FileName   |               GUID                 |Location| Size |Type|
+---+---------------+------------------------------------+--------+------+----+
|000|               |1B45CC0A-156A-428A-AF62-49864DA0E6E6|01D10078|00009C|FRFM|
|001|               |5B85965C-455D-4CC6-9C4C-7F086967D2B0|01D10118|00003C|FRFM|
|002|FirmwareBootMed|A8F14FA9-FC88-45F4-A622-F06E6C56E632|01D10158|0002DA|PEIM|
|003|StallServicePei|75862FE4-4FC6-4188-804B-29DC7733178B|01D10438|0003A6|PEIM|
|004|AmtStatusCodePei|A6AEF1F6-F25A-4082-AF39-2229BCF5A6E1|01D107E0|00041A|PEIM|
|005|PlatformConfigT|A20F7425-BC87-47D1-945C-637603323584|01D10C00|00072E|PEIM|
|006|SetupVariablePei|3E7DD42F-A67E-4D4F-BC02-2B5A6EC8DAE9|01D11330|00031A|PEIM|
|007|PcatSingleSegme|4F1F379F-2A62-48BB-AC34-D3F135C6E2B7|01D11650|00093E|PEIM|
|008|PlatformInfoPei|52B3DBA7-9565-48E8-8E13-EC7196721B3C|01D11F90|0008F6|PEIM|
|009|IsRecovery     |8E199D3F-3A74-492B-8CB3-93D668D87D07|01D12888|000B62|PEIM|
|010|AmiTxtPei      |C7D4BBCF-EB0A-4C91-BD8B-FCA99F28B011|01D133F0|0002CA|PEIM|
|011|PlatformInitPre|EEEE611D-F78F-4FB9-B868-55907F169280|01D136C0|0073B2|PEIM|
|012|PlatformVTdInfo|839EB770-5C64-4EED-A6D5-EC515B2B2B23|01D1AA78|000BDE|PEIM|
|013|IntelVTdPmrPei |F906769F-4AED-4A0D-8C7C-FF21B9D1051A|01D1B658|00158A|PEIM|
|014|PlatformInitAdv|56BBC314-B442-4D5A-BA5C-D842DAFDBB24|01D1CBE8|004822|PEIM|
|015|FspmWrapperPeim|9FAAD0FF-0E0C-4885-A738-BAB4E4FA1E66|01D21410|00068A|PEIM|
|016|CapsulePei     |C779F6D8-7113-4AA1-9648-EB1633C7D53B|01D21AA0|001DCE|PEIM|
|017|DxeIpl         |86D70125-BAA3-4296-A62F-602BEBBB9081|01D23870|003DFA|PEIM|
|018|AmiTxtTcgPeim  |9962883C-C025-4EBB-B699-4EA4D147C8A8|01D27670|0011F2|PEIM|
|019|NbPei          |79AA6086-035A-4AD9-A89A-A6D5AA27F0E2|01D28868|00170E|PEIM|
|020|SbPei          |C1FBD624-27EA-40D1-AA48-94C3DC5C7E0D|01D29F78|0011FA|PEIM|
|021|NvmeUnlockPei  |42D69902-10E7-4907-AD3B-46A5BF25A1A0|01D2B178|001312|PEIM|
|022|SiliconPolicyPe|3307DD15-23BA-4546-A004-FCBCC47D4A49|01D2C490|00975E|PEIM|
|023|SiliconPolicyPe|CE19678F-3F08-4E81-A1F3-1886CA13ADA7|01D35BF0|00A12E|PEIM|
|024|NvmeRecoveryPei|679AEE8A-CE51-4CCB-9AF8-90E055B3933E|01D3FD20|0006CA|PEIM|
|025|BootGuardPei   |B41956E1-7CA2-42DB-9562-168389F0F066|01D403F0|000726|PEIM|
|026|PeiPciEnumerati|01FB5D53-4FF9-4AD9-ADF5-7DC63659A1B2|01D40B18|001EEE|PEIM|
|027|IsSecRecoveryPEI|CAC3FB95-33F5-4596-818B-68E024DDB67B|01D42A08|00037A|PEIM|
|028|TcgPlatformSetu|0FE9DA53-043D-4265-A94D-FD77FEDE2EB4|01D42D88|0005CA|PEIM|
|029|TCMPEI         |0135229A-EBB5-4A21-957D-1D20057CF751|01D43358|000D7A|PEIM|
|030|UfsBlockIoPei  |BE189D38-C963-41CF-B695-D90E9E545A13|01D440D8|002806|PEIM|
|031|UfsPciHcPei    |905DC1AD-C44D-4965-98AC-B6B4444BFD65|01D468E0|000582|PEIM|
|032|CryptoPei      |0D1CE46B-72D9-4BA7-95DA-23511865E661|01D46E68|00112A|PEIM|
|033|CrbPei         |0D1ED2F7-E92B-4562-92DD-5C82EC917EAE|01D47F98|003B32|PEIM|
|034|               |3FD1D3A2-99F7-420B-BC69-8BB1D492A332|01D4BAD0|0000A4|FRFM|
|035|NvramPei       |838DCF34-907B-4D55-9A4B-A0EF7167B5F4|01D4BB78|0025B2|PEIM|
|036|               |0DCA793A-EA96-42D8-BD7B-DC7F684E38C1|01D4E130|00020C|FRFM|
|037|CapsuleX64     |F7FDE4A6-294C-493C-B50F-9734553BB757|01D4E340|00469E|PEIM|
|038|IT5571PeiInit  |9029F23E-E1EE-40D1-9382-36DD61A63EAA|01D529E0|000E32|PEIM|
|039|It8764SecPeiInit|71224824-6C22-45D7-9C1A-9E7CBFF18924|01D53818|000DBA|PEIM|
|040|CmosPei        |654FE61A-2EDA-4749-A76A-56ED7ADE1CBE|01D545D8|002042|PEIM|
|041|EnhancePeiVaria|E03E6451-297A-4FE9-B1F7-639B70327C52|01D56620|001FEE|PEIM|
|042|HddSecurityPei |D9DDCFF2-215A-480A-AA63-1DF1F5EDBC01|01D58610|000669|PEIM|
|043|SecMigrationPei|58B35361-8922-41BC-B313-EF7ED9ADFDF7|01D58C80|0001DE|PEIM|
|044|CpuIoPei       |AE265864-CF5D-41A8-913D-71C155E76442|01D58E60|0008FA|PEIM|
|045|               |7934156D-CFCE-460E-92F5-A07909A59ECA|01D59760|008618|RAW |
|046|               |5C509DCD-11F1-485F-9916-5F437AD825D5|01D61D78|010658|RAW |
|047|               |338FA35A-CA4A-4DBC-A6F4-9BD1593B61BC|01D723D0|00B134|FRFM|
|048|               |AF516361-B4C5-436E-A7E3-A149A31B1461|01D7D508|004F6D|FRFM|
+---+---------------+------------------------------------+--------+------+----+
| Bytes Free       : 00DBB4 ( 54 KB)    Bytes Used       : 07244C (457 KB)    |
+-----------------------------------------------------------------------------+
| Firmware Volume : 0A               Location :  01D90000   Length :  100000  |
+---+---------------+------------------------------------+--------+------+----+
|NO |    FileName   |               GUID                 |Location| Size |Type|
+---+---------------+------------------------------------+--------+------+----+
|000|               |B52282EE-9B66-44B9-B1CF-7E5040F787C1|01D900E8|000198|RAW |
|001|               |C30FFF4A-10C6-4C0F-A454-FD319BAF6CE6|01D902E8|000A18|RAW |
|002|               |17088572-377F-44EF-8F4E-B09FFF46A070|01D90FE8|0AE028|RAW |
|003|               |7C9A98F8-2B2B-4027-8F16-F7D277D58025|01E3F068|000418|RAW |
|004|               |6520F532-2A27-4195-B331-C0854683E0BA|01E3FFE8|040018|RAW |
+---+---------------+------------------------------------+--------+------+----+
| Bytes Free       : 010FAC ( 67 KB)    Bytes Used       : 0EF054 (956 KB)    |
+-----------------------------------------------------------------------------+
| Firmware Volume : 0B               Location :  01E90000   Length :  0F0000  |
+---+---------------+------------------------------------+--------+------+----+
|NO |    FileName   |               GUID                 |Location| Size |Type|
+---+---------------+------------------------------------+--------+------+----+
|000|               |4B14BD9E-1112-4DA0-BBF3-6B34CE39E772|01E90078|0008EC|FRFM|
|001|               |B52282EE-9B66-44B9-B1CF-7E5040F787C1|01E90968|000198|RAW |
|002|               |17088572-377F-44EF-8F4E-B09FFF46A070|01E90FE8|0AE028|RAW |
|003|               |C30FFF4A-10C6-4C0F-A454-FD319BAF6CE6|01F3F068|000A18|RAW |
|004|               |7C9A98F8-2B2B-4027-8F16-F7D277D58025|01F3FAE8|000418|RAW |
|005|               |6520F532-2A27-4195-B331-C0854683E0BA|01F3FFE8|040018|RAW |
+---+---------------+------------------------------------+--------+------+----+
| Bytes Free       : 0006BC (  1 KB)    Bytes Used       : 0EF944 (958 KB)    |
+-----------------------------------------------------------------------------+
| Firmware Volume : 0C               Location :  01F80000   Length :  040000  |
+---+---------------+------------------------------------+--------+------+----+
|NO |    FileName   |               GUID                 |Location| Size |Type|
+---+---------------+------------------------------------+--------+------+----+
|000|               |1B45CC0A-156A-428A-AF62-49864DA0E6E6|01F80078|00006C|FRFM|
|001|PeiCore        |52C05B14-0B98-496C-BC3B-04B50211D680|01F800E8|00635E|PEIC|
|002|PcdPeim        |9B3ADA4F-AE56-4C24-8DEA-F03B7558AE50|01F86448|005A2E|PEIM|
|003|ResetSystemPei |6141E486-7543-4F1A-A579-FF532ED78E75|01F8BE78|0007E6|PEIM|
|004|FvBb1Pei       |28BF2E78-AD2D-4616-ABAD-7644CD7E47C8|01F8C660|0007CA|PEIM|
|005|RomLayoutPei   |7EB7126D-C45E-4BD0-9357-7F507C5C9CF9|01F8CE30|004872|PEIM|
|006|               |C91C3C17-FC74-46E5-BDBE-6F486A5A9F3C|01F916A8|000334|FRFM|
|007|               |98DB68E0-5AB6-4A48-80C8-EAC6C51180FC|01F919E0|00006C|FRFM|
|008|               |CBC91F44-A4BC-4A5B-8696-703451D0B053|01F91A50|00006C|FRFM|
|009|StatusCodePei  |E9DD7F62-25EC-4F9D-A4AB-AAD20BF59A10|01F91AC0|003CBA|PEIM|
|010|               |77D3DC50-D42B-4916-AC80-8F469035D150|01F95780|004F69|RAW |
|011|               |1BA0062E-C779-4582-8566-336AE8F78F09|01FBA848|0057B8|SECC|
+---+---------------+------------------------------------+--------+------+----+
| Bytes Free       : 020184 (128 KB)    Bytes Used       : 01FE7C (127 KB)    |
+-----------------------------------------------------------------------------+
| Firmware Volume : 0D               Location :  01FC0000   Length :  040000  |
+---+---------------+------------------------------------+--------+------+----+
|NO |    FileName   |               GUID                 |Location| Size |Type|
+---+---------------+------------------------------------+--------+------+----+
|000|               |1B45CC0A-156A-428A-AF62-49864DA0E6E6|01FC0078|00006C|FRFM|
|001|PeiCore        |52C05B14-0B98-496C-BC3B-04B50211D680|01FC00E8|00635E|PEIC|
|002|PcdPeim        |9B3ADA4F-AE56-4C24-8DEA-F03B7558AE50|01FC6448|005A2E|PEIM|
|003|ResetSystemPei |6141E486-7543-4F1A-A579-FF532ED78E75|01FCBE78|0007E6|PEIM|
|004|FvBb1Pei       |28BF2E78-AD2D-4616-ABAD-7644CD7E47C8|01FCC660|0007CA|PEIM|
|005|RomLayoutPei   |7EB7126D-C45E-4BD0-9357-7F507C5C9CF9|01FCCE30|004872|PEIM|
|006|               |C91C3C17-FC74-46E5-BDBE-6F486A5A9F3C|01FD16A8|000334|FRFM|
|007|               |98DB68E0-5AB6-4A48-80C8-EAC6C51180FC|01FD19E0|00006C|FRFM|
|008|               |CBC91F44-A4BC-4A5B-8696-703451D0B053|01FD1A50|00006C|FRFM|
|009|StatusCodePei  |E9DD7F62-25EC-4F9D-A4AB-AAD20BF59A10|01FD1AC0|003CBA|PEIM|
|010|               |77D3DC50-D42B-4916-AC80-8F469035D150|01FD5780|004F69|RAW |
|011|               |1BA0062E-C779-4582-8566-336AE8F78F09|01FFA848|0057B8|SECC|
+---+---------------+------------------------------------+--------+------+----+
| Bytes Free       : 020184 (128 KB)    Bytes Used       : 01FE7C (127 KB)    |
+-----------------------------------------------------------------------------+
| Total Bytes Free : 12E0EC (1208 KB)   Total Bytes Used : 1ED1F14 (31559 KB)   |
+-----------------------------------------------------------------------------+
